
## Use Ensembl v104 to match VEP104 in 2023 variant calling
nohup wget -O Sus_scrofa.Sscrofa11.1.104.gtf.gz https://ftp.ensembl.org/pub/release-104/gtf/sus_scrofa/Sus_scrofa.Sscrofa11.1.104.gtf.gz &
nohup wget -O Sus_scrofa.Sscrofa11.1.dna.toplevel.fa.gz https://ftp.ensembl.org/pub/release-104/fasta/sus_scrofa/dna/Sus_scrofa.Sscrofa11.1.dna.toplevel.fa.gz &
nohup wget -O Sus_scrofa.Sscrofa11.1.104.gff3.gz https://ftp.ensembl.org/pub/release-104/gff3/sus_scrofa/Sus_scrofa.Sscrofa11.1.104.gff3.gz &

module load snpeff/4.3t
java -jar snpEff.jar databases ##didn't work, need to be in snpEff directory

vep --species --help --database

/bgfs/rnicholls/PWS_Sus_2017/raw_fastq

module load rseqc/2.6.6
module load bedops/2.4.35
[eak37@htc-n38 SscrofaSus_v11.1.98]$ pwd
/bgfs/rnicholls/REFGenomes/SscrofaSus_v11.1.98

awk '{ if ($0 ~ "transcript_id") print $0; else print $0" transcript_id \"\";"; }' Sus_scrofa.Sscrofa11.1.98.gtf | gtf2bed - > Sus_scrofa.Sscrofa11.1.98.bed

[eak37@htc-n38 120-1_subline_1_S1]$ pwd
/bgfs/rnicholls/PWS_Sus_2017/STAR_Susv98/120-1_subline_1_S1
wget https://github.com/MultiQC/MultiQC/blob/main/multiqc/modules/rseqc/infer_experiment.py

infer_experiment.py -r /bgfs/rnicholls/REFGenomes/SscrofaSus_v11.1.98/Sus_scrofa.Sscrofa11.1.98.bed -i /bgfs/rnicholls/PWS_Sus_2017/STAR_Susv98/120-1_subline_1_S1/120-1_subline_1_S1Aligned.sortedByCoord.out.bam
Reading reference gene model /bgfs/rnicholls/REFGenomes/SscrofaSus_v11.1.98/Sus_scrofa.Sscrofa11.1.98.bed ... Done
Loading SAM/BAM file ...  Total 200000 usable reads were sampled


This is PairEnd Data
Fraction of reads failed to determine: 0.0137
Fraction of reads explained by "1++,1--,2+-,2-+": 0.4928
Fraction of reads explained by "1+-,1-+,2++,2--": 0.4936

## So this is un-stranded paired-end data. It is not strand-specific

[eak37@htc-n38 PWS_Sus_2017]$ mkdir RNAvar-nfcore
[eak37@htc-n38 PWS_Sus_2017]$ pwd
/bgfs/rnicholls/PWS_Sus_2017

nf core RNA-var pieline
--name  EAK_Sscr_RNAvar_attempt1
--profile htc
-work-dir /bgfs/rnicholls/PWS_Sus_2017
-resume false

input /bgfs/rnicholls/PWS_Sus_2017/RNAvar-nfcore/samplesheet.csv
outdir /bgfs/rnicholls/PWS_Sus_2017/RNAvar-nfcore/
multiqc_title EAK_Sscr_RNAvar_multiQC
saved_mergedfastq false

genome Sscrofa_v11.1
fasta  /bgfs/rnicholls/REFGenomes/Sscrofa_v11.1_v104/us_scrofa.Sscrofa11.1.dna.toplevel.fa.gz
dict
fasta_fai
gtf /bgfs/rnicholls/REFGenomes/Sscrofa_v11.1_v104/Sus_scrofa.Sscrofa11.1.104.gtf.gz
gff /bgfs/rnicholls/REFGenomes/Sscrofa_v11.1_v104/Sus_scrofa.Sscrofa11.1.112.gff3.gz
exon bed
read_length 75
save_reference true (first time then specify star_index)
known_indels
known_indels_tbi
dbsnp
dbsnp_tbi
snpeff_db Sscrofa11.1.99
vep_genome
vep_species
vep_cache_version

aligner STAR
star_index
star_twopass False
star_ignor_sjdbgtf false
star_max_memory_bamsort 0
star_bins_bamsort 50
star_max_collapsed_junc 100000
seq_center
save_unaligned false
save_align_intermeds false
bam_csi_index false

skip_baserecalibration false
skip_intervallisttools false
skip_variantannotation false
skip_multiqc false

gatks_interval_scatter_count 25
no_intervals false
gatk_vf_window_size 35
gatk_vf_cluster_size
gatk_vf_fs_filter 30
gatk_vf_qd_filter 2




{
  "gtf": "/bgfs/rnicholls/REFGenomes/Sscrofa_v11.1_v104/Sus_scrofa.Sscrofa11.1.104.gtf.gz",
  "gff": "/bgfs/rnicholls/REFGenomes/Sscrofa_v11.1_v104/Sus_scrofa.Sscrofa11.1.112.gff3.gz",
  "multiqc_title": "Sscr_PWS_RNAvar_nfcore",
  "snpeff_db": "GRCh38.p14",
  "fasta": "/bgfs/rnicholls/REFGenomes/Sscrofa_v11.1_v104/us_scrofa.Sscrofa11.1.dna.toplevel.fa.gz",
  "star_index": "/bgfs/jvockley/KoppesEA/RefGenomes/GRCh38p14/Refseq/STAR",
  "dbsnp_tbi": "/bgfs/jvockley/KoppesEA/RefGenomes/GRCh38p14/Dbsnp/GRCh38.p14_dbsnp.vcf.gz.tbi",
  "dbsnp": "/bgfs/jvockley/KoppesEA/RefGenomes/GRCh38p14/Dbsnp/GRCh38.p14_dbsnp.vcf.gz",
  "star_twopass": true,
  "input": "/bgfs/jvockley/KoppesEA/ACADVL_RNASEQ/nfcore_rnavar/samplesheet.csv",
  "outdir": "/bgfs/jvockley/KoppesEA/ACADVL_RNASEQ/nfcore_rnavar/Refseq_Dbsnp",
  "email": "eak37@pitt.edu"
}

WARN: Access to undefined parameter `genome` -- Initialise it to a default value eg. `params.genome = some_value`
WARN: Access to undefined parameter `vep_genome` -- Initialise it to a default value eg. `params.vep_genome = some_value`
WARN: Access to undefined parameter `snpeff_db` -- Initialise it to a default value eg. `params.snpeff_db = some_value

ERROR ~ Known variants VCF file or its index is missing!. At least --dbsnp (and its index) or --known_indels (and its index) is required
## says it needs either known indels or genome(igenome)
[eak37@htc-n38 RNAvar-nfcore]$ cd ../../REFGenomes/Sscrofa
SscrofaSus_v11.1.98/ Sscrofa_v11.1_v104/  
wget -O sus_scrofa.vcf.gz https://ftp.ensembl.org/pub/release-104/variation/vcf/sus_scrofa/sus_scrofa.vcf.gz
wget -O sus_scrofa.vcf.gz.csi https://ftp.ensembl.org/pub/release-104/variation/vcf/sus_scrofa/sus_scrofa.vcf.gz.csi
make a tbi index
module load bcftools/1.15.1
bcftools index sus_scrofa.vcf.gz
bcftools index -t sus_scrofa.vcf.gz #needed .tbi


known_indels	/bgfs/rnicholls/REFGenomes/Sscrofa_v11.1_v104/sus_scrofa.vcf.gz
known_indels_tbi	/bgfs/rnicholls/REFGenomes/Sscrofa_v11.1_v104/sus_scrofa.vcf.gz.tbi

##6/19/2024
##1. Manually make STAR index
#have to gunzip .gz fa and gtf files first
[eak37@htc-n31 Sscrofa_v11.1_v104]$ gunzip -c Sus_scrofa.Sscrofa11.1.dna.toplevel.fa.gz > Sus_scrofa.Sscrofa11.1.dna.toplevel.fa &
[eak37@htc-n31 Sscrofa_v11.1_v104]$ gunzip -c Sus_scrofa.Sscrofa11.1.104.gtf.gz > Sus_scrofa.Sscrofa11.1.104.gtf &

##2. update json with STAR index and continuation
  "star_index": "/bgfs/rnicholls/REFGenomes/Sscrofa_v11.1_v104/Sscr11.1v104_STAR",
  
#also get VEP 104 cache for pig (alternateively could use dbSNP?)
#https://ftp.ensembl.org/pub/release-104/variation/indexed_vep_cache/
nohup wget -O sus_scrofa_vep_104_Sscrofa11.1.tar.gz https://ftp.ensembl.org/pub/release-104/variation/indexed_vep_cache/sus_scrofa_vep_104_Sscrofa11.1.tar.gz &
tar -xvf sus_scrofa_vep_104_Sscrofa11.1.tar.gz
[eak37@login0b 104_Sscrofa11.1]$ pwd
/bgfs/rnicholls/REFGenomes/Sscrofa_v11.1_v104/sus_scrofa/104_Sscrofa11.1
[eak37@login0b 104_Sscrofa11.1]$ ls
1               AEMK02000137.1  AEMK02000193.1  AEMK02000245.1  AEMK02000299.1  AEMK02000348.1  AEMK02000399.1  AEMK02000452.1  AEMK02000503.1  AEMK02000554.1  AEMK02000597.1  AEMK02000635.1  AEMK02000687.1
10              AEMK02000139.1  AEMK02000194.1  AEMK02000247.1  AEMK02000300.1  AEMK02000350.1  AEMK02000400.1  AEMK02000453.1  AEMK02000506.1  AEMK02000555.1  AEMK02000598.1  AEMK02000637.1  AEMK02000690.1
11              AEMK02000140.1  AEMK02000197.1  AEMK02000248.1  AEMK02000301.1  AEMK02000351.1  AEMK02000402.1  AEMK02000456.1  AEMK02000507.1  AEMK02000556.1  AEMK02000599.1  AEMK02000639.1  AEMK02000692.1
12              AEMK02000147.1  AEMK02000199.1  AEMK02000251.1  AEMK02000302.1  AEMK02000352.1  AEMK02000403.1  AEMK02000457.1  AEMK02000509.1  AEMK02000558.1  AEMK02000600.1  AEMK02000640.1  AEMK02000694.1
13              AEMK02000149.1  AEMK02000200.1  AEMK02000253.1  AEMK02000304.1  AEMK02000354.1  AEMK02000404.1  AEMK02000459.1  AEMK02000510.1  AEMK02000559.1  AEMK02000601.1  AEMK02000641.1  AEMK02000695.1
14              AEMK02000150.1  AEMK02000201.1  AEMK02000254.1  AEMK02000308.1  AEMK02000355.1  AEMK02000410.1  AEMK02000460.1  AEMK02000511.1  AEMK02000560.1  AEMK02000602.1  AEMK02000643.1  AEMK02000696.1
15              AEMK02000152.1  AEMK02000203.1  AEMK02000256.1  AEMK02000311.1  AEMK02000359.1  AEMK02000412.1  AEMK02000465.1  AEMK02000512.1  AEMK02000561.1  AEMK02000603.1  AEMK02000644.1  AEMK02000697.1
16              AEMK02000153.1  AEMK02000204.1  AEMK02000257.1  AEMK02000312.1  AEMK02000361.1  AEMK02000414.1  AEMK02000467.1  AEMK02000514.1  AEMK02000563.1  AEMK02000604.1  AEMK02000646.1  AEMK02000698.1
17              AEMK02000155.1  AEMK02000205.1  AEMK02000258.1  AEMK02000313.1  AEMK02000363.1  AEMK02000415.1  AEMK02000468.1  AEMK02000515.1  AEMK02000566.1  AEMK02000606.1  AEMK02000649.1  AEMK02000699.1
18              AEMK02000156.1  AEMK02000207.1  AEMK02000259.1  AEMK02000315.1  AEMK02000364.1  AEMK02000418.1  AEMK02000472.1  AEMK02000517.1  AEMK02000567.1  AEMK02000610.1  AEMK02000652.1  AEMK02000702.1
2               AEMK02000159.1  AEMK02000208.1  AEMK02000260.1  AEMK02000316.1  AEMK02000366.1  AEMK02000420.1  AEMK02000473.1  AEMK02000518.1  AEMK02000568.1  AEMK02000611.1  AEMK02000657.1  AEMK02000703.1
3               AEMK02000161.1  AEMK02000213.1  AEMK02000261.1  AEMK02000319.1  AEMK02000368.1  AEMK02000421.1  AEMK02000474.1  AEMK02000520.1  AEMK02000569.1  AEMK02000612.1  AEMK02000658.1  AEMK02000704.1
4               AEMK02000162.1  AEMK02000215.1  AEMK02000263.1  AEMK02000320.1  AEMK02000369.1  AEMK02000422.1  AEMK02000475.1  AEMK02000522.1  AEMK02000570.1  AEMK02000616.1  AEMK02000659.1  chr_synonyms.txt
5               AEMK02000164.1  AEMK02000216.1  AEMK02000264.1  AEMK02000322.1  AEMK02000372.1  AEMK02000423.1  AEMK02000476.1  AEMK02000525.1  AEMK02000571.1  AEMK02000617.1  AEMK02000660.1  FPKY02000006.1
6               AEMK02000169.1  AEMK02000218.1  AEMK02000265.1  AEMK02000324.1  AEMK02000374.1  AEMK02000427.1  AEMK02000478.1  AEMK02000526.1  AEMK02000574.1  AEMK02000618.1  AEMK02000661.1  FPKY02000009.1
7               AEMK02000170.1  AEMK02000220.1  AEMK02000273.1  AEMK02000326.1  AEMK02000378.1  AEMK02000431.1  AEMK02000479.1  AEMK02000527.1  AEMK02000575.1  AEMK02000620.1  AEMK02000664.1  info.txt
8               AEMK02000171.1  AEMK02000222.1  AEMK02000276.1  AEMK02000327.1  AEMK02000379.1  AEMK02000434.1  AEMK02000482.1  AEMK02000528.1  AEMK02000576.1  AEMK02000621.1  AEMK02000665.1  MT
9               AEMK02000172.1  AEMK02000223.1  AEMK02000277.1  AEMK02000328.1  AEMK02000380.1  AEMK02000435.1  AEMK02000484.1  AEMK02000529.1  AEMK02000577.1  AEMK02000622.1  AEMK02000667.1  X
AEMK02000123.1  AEMK02000173.1  AEMK02000224.1  AEMK02000278.1  AEMK02000329.1  AEMK02000382.1  AEMK02000437.1  AEMK02000485.1  AEMK02000531.1  AEMK02000578.1  AEMK02000623.1  AEMK02000668.1
AEMK02000125.1  AEMK02000174.1  AEMK02000225.1  AEMK02000279.1  AEMK02000333.1  AEMK02000383.1  AEMK02000438.1  AEMK02000489.1  AEMK02000532.1  AEMK02000579.1  AEMK02000624.1  AEMK02000672.1
AEMK02000126.1  AEMK02000175.1  AEMK02000226.1  AEMK02000280.1  AEMK02000334.1  AEMK02000388.1  AEMK02000440.1  AEMK02000490.1  AEMK02000534.1  AEMK02000584.1  AEMK02000625.1  AEMK02000673.1
AEMK02000127.1  AEMK02000182.1  AEMK02000229.1  AEMK02000282.1  AEMK02000340.1  AEMK02000389.1  AEMK02000442.1  AEMK02000493.1  AEMK02000535.1  AEMK02000588.1  AEMK02000628.1  AEMK02000676.1
AEMK02000128.1  AEMK02000183.1  AEMK02000234.1  AEMK02000286.1  AEMK02000341.1  AEMK02000390.1  AEMK02000444.1  AEMK02000495.1  AEMK02000537.1  AEMK02000589.1  AEMK02000629.1  AEMK02000677.1
AEMK02000129.1  AEMK02000186.1  AEMK02000237.1  AEMK02000288.1  AEMK02000343.1  AEMK02000391.1  AEMK02000446.1  AEMK02000496.1  AEMK02000541.1  AEMK02000591.1  AEMK02000630.1  AEMK02000679.1
AEMK02000130.1  AEMK02000188.1  AEMK02000238.1  AEMK02000291.1  AEMK02000345.1  AEMK02000393.1  AEMK02000448.1  AEMK02000497.1  AEMK02000544.1  AEMK02000592.1  AEMK02000631.1  AEMK02000680.1
AEMK02000133.1  AEMK02000189.1  AEMK02000240.1  AEMK02000295.1  AEMK02000346.1  AEMK02000394.1  AEMK02000449.1  AEMK02000499.1  AEMK02000546.1  AEMK02000595.1  AEMK02000632.1  AEMK02000682.1
AEMK02000135.1  AEMK02000191.1  AEMK02000244.1  AEMK02000297.1  AEMK02000347.1  AEMK02000398.1  AEMK02000451.1  AEMK02000500.1  AEMK02000551.1  AEMK02000596.1  AEMK02000634.1  AEMK02000683.1

## 6/20/2024
## error from gatk in pipeline indicating white spaces in INFO field of VCF
## 
awk -v FS='\t' '$8 ~ " " {print $0, NR}' snp.raw.vcf  #to determine line numbers where column 8 have spaces
## use awk or sed command to replace white spaces in the 8th column with an underscore

#or possibly load into R, stringr replace @INFO and then output new file?

[eak37@htc-n28 Sscrofa_v11.1_v104]$ zcat sus_scrofa.vcf.gz | awk -v FS='\t' '$8 ~ " " {print $8, NR}' | uniq |head -n 10
Axiom Genotyping Array_1;TSA=SNV 121
Axiom Genotyping Array_1;TSA=SNV 344
Axiom Genotyping Array_1;TSA=SNV 3079
Axiom Genotyping Array_1;TSA=SNV 3110
Axiom Genotyping Array_1;TSA=SNV 3218
Axiom Genotyping Array_1;TSA=SNV 3227
Axiom Genotyping Array_1;TSA=SNV 3234
Axiom Genotyping Array_1;TSA=SNV 3499
Axiom Genotyping Array_1;TSA=SNV 3719
Axiom Genotyping Array_1;TSA=SNV 3772

[eak37@htc-n28 Sscrofa_v11.1_v104]$ zcat sus_scrofa.vcf.gz | awk -v FS='\t' -v OFS='\t' '{gsub(/ /, "_", $8); print}' | awk -v FS='\t' '$8 ~ "Axiom" {print $8, NR}' | head | column -t
Axiom_Genotyping_Array_1;TSA=SNV  121
Axiom_Genotyping_Array_1;TSA=SNV  344
Axiom_Genotyping_Array_1;TSA=SNV  3079
Axiom_Genotyping_Array_1;TSA=SNV  3110
Axiom_Genotyping_Array_1;TSA=SNV  3218
Axiom_Genotyping_Array_1;TSA=SNV  3227
Axiom_Genotyping_Array_1;TSA=SNV  3234
Axiom_Genotyping_Array_1;TSA=SNV  3499
Axiom_Genotyping_Array_1;TSA=SNV  3719
Axiom_Genotyping_Array_1;TSA=SNV  3772

## there is a tab between TSA=SNV and numeric

## command to rewrite
gunzip -c sus_scrofa.vcf.gz | awk -v FS='\t' -v OFS='\t' '{gsub(/ /, "_", $8); print}' | gzip > sus_scrofa_forGATK.vcf.gz &

##this works, .gz file changes from 661MB to 641MB
## also implemented as a script as wasnt sure if ran to completion

#check no more spaces:  
zcat sus_scrofa_forGATK.vcf.gz | awk -v FS='\t' '$8 ~ " " {print $8, NR}' | uniq |head -n 10 & 
#no output made

##make new tbi index
module load bcftools/1.15.1
bcftools index -t sus_scrofa_forGATK.vcf.gz #needed .tbi

##couldn't tabix gzipped file, need to call bgzip from samtools or bcftools 

#after rewriting script to use htslib bgzip the output file is now matching at 661MB and a .tbi file was generated

##changed workdir to RNAvar-nfcore/work

removing intermediate files from  total-RNA-seq dir above
rm -rf [a-z0-9][a-z0-9] #rm doesn't use regex like ^ and $
find . -type d -regex './[a-z0-9]\{2\}' -exec rm -rf {} + # different option using find regex and execute rm
find . -type d -regex './[a-z|0-9][a-z|0-9]' ##this actually works
find . -type d -regex './[a-z|0-9]\{2\}'


scp /path/to/local/file username@cluster_address:/path/on/cluster/
scp ./nf-params.json eak37@htc.crc.pitt.edu:/bgfs/rnicholls/PWS_Sus_2017/RNAvar-nfcore
scp ./job.sbatch eak37@htc.crc.pitt.edu:/bgfs/rnicholls/PWS_Sus_2017/RNAvar-nfcore

alternatively pulling::
scp username@cluster_address:/path/on/cluster/file /path/to/local/destination/

tail -n 100 nextflow_head.out

      --dir_cache ${PWD}/104_Sscrofa11.1 \

  MSG: ERROR: Cache directory /scratch/slurm-3351186/nxf.I5ZuJhkTuC/104_Sscrofa11.1/sus_scrofa not found
##
## 07/05/2024 work on making vep annotation outside of nfcore
vep --help > vep_help.txt
RNAvar_nfcore % scp eak37@htc.crc.pitt.edu:/bgfs/rnicholls/PWS_Sus_2017/RNAvar-nfcore/variant_calling/vep_help.txt .
http://www.ensembl.org/info/docs/tools/vep/script/vep_options.html

scp eak37@htc.crc.pitt.edu:/bgfs/rnicholls/PWS_Sus_2017/RNAvar-nfcore/variant_calling/vep_help.txt .
scp ./CRFK_RNAseq/CRFK_RNAvar_nfcore/Fcat9_RNAvar_nfcore.sh eak37@htc.crc.pitt.edu:/bgfs/rnicholls/Cat_CRFK/GSE124753_CPV/RNAvar-nfcore
scp ./Sscr_PWS_RNA-Seq/RNAvar_nfcore/Sscr_11v104_VEP.sh eak37@htc.crc.pitt.edu:/bgfs/rnicholls/PWS_Sus_2017/RNAvar-nfcore
scp ./Sscr_PWS_RNA-Seq/RNAvar_nfcore/Sscr_11v104_VEPinstall.sh eak37@htc.crc.pitt.edu:/bgfs/rnicholls/PWS_Sus_2017/RNAvar-nfcore

[eak37@htc-1024-n0 104_Sscrofa11.1]$ pwd
/bgfs/rnicholls/REFGenomes/Sscrofa_v11.1_v104/sus_scrofa/104_Sscrofa11.1
zcat */all_vars.gz > Sscr_11_vep_
[eak37@htc-1024-n0 104_Sscrofa11.1]$ zcat 1/all_vars.gz | head # even chicking more very little with INFO; may need to re-arrange into vcf-like file
1	rs1112542035	.	.	112	.	C/T	.	.	.	.	.	.	.	.
1	rs1112347109	.	.	170	.	G/T	.	.	.	.	.	.	.	.
1	rs1108162481	.	.	370	.	G/A	.	.	.	.	.	.	.	.
1	rs1113769090	.	.	376	.	C/T	.	.	.	.	.	.	.	.
1	rs1112184913	.	.	481	.	T/C	.	.	.	.	.	.	.	.
1	rs1107705765	.	.	482	.	T/C	.	.	.	.	.	.	.	.
1	rs1113680398	.	.	555	.	C/G	.	.	.	.	.	.	.	.
1	rs1109409939	.	.	607	.	T/A	.	.	.	.	.	.	.	.
1	rs1108283011	.	.	608	.	T/G	.	.	.	.	.	.	.	.
1	rs1113404032	.	.	609	.	G/C	.	.	.	.	.	.	.	.

[eak37@htc-1024-n0 120-1_subline_1]$ zcat 120-1_subline_1.haplotypecaller.vcf.gz | grep -v "\#" | head
1	370	.	G	A	56.64	.	AC=1;AF=0.500;AN=2;BaseQRankSum=0.000;DP=5;ExcessHet=0.0000;FS=0.000;MLEAC=1;MLEAF=0.500;MQ=60.00;MQRankSum=0.000;QD=14.16;ReadPosRankSum=0.674;SOR=0.693	GT:AD:DP:GQ:PL	0/1:2,2:4:64:64,0,65
1	3392	.	G	A	1436.64	.	AC=1;AF=0.500;AN=2;BaseQRankSum=1.546;DP=94;ExcessHet=0.0000;FS=7.548;MLEAC=1;MLEAF=0.500;MQ=60.00;MQRankSum=0.000;QD=16.14;ReadPosRankSum=0.122;SOR=0.249	GT:AD:DP:GQ:PL	0/1:35,54:89:99:1444,0,833
1	3430	.	C	T	1071.64	.	AC=1;AF=0.500;AN=2;BaseQRankSum=2.887;DP=80;ExcessHet=0.0000;FS=0.000;MLEAC=1;MLEAF=0.500;MQ=60.00;MQRankSum=0.000;QD=14.68;ReadPosRankSum=-1.125;SOR=0.606	GT:AD:DP:GQ:PL	0/1:34,39:73:99:1079,0,807
1	14234	.	G	A	53.64	.	AC=1;AF=0.500;AN=2;BaseQRankSum=-0.967;DP=3;ExcessHet=0.0000;FS=0.000;MLEAC=1;MLEAF=0.500;MQ=60.00;MQRankSum=0.000;QD=17.88;ReadPosRankSum=-0.967;SOR=0.223	GT:AD:DP:GQ:PL	0/1:1,2:3:29:61,0,29
1	14596	.	A	G	37.32	.	AC=2;AF=1.00;AN=2;DP=2;ExcessHet=0.0000;FS=0.000;MLEAC=1;MLEAF=0.500;MQ=60.00;QD=18.66;SOR=0.693	GT:AD:DP:GQ:PL	1/1:0,2:2:6:49,6,0
1	22139	.	A	C	58.64	.	AC=1;AF=0.500;AN=2;BaseQRankSum=0.323;DP=23;ExcessHet=0.0000;FS=0.000;MLEAC=1;MLEAF=0.500;MQ=60.00;MQRankSum=0.000;QD=2.55;ReadPosRankSum=0.046;SOR=0.148	GT:AD:DP:GQ:PL	0/1:20,3:23:66:66,0,824
1	22141	.	A	C	58.64	.	AC=1;AF=0.500;AN=2;BaseQRankSum=-1.853;DP=23;ExcessHet=0.0000;FS=0.000;MLEAC=1;MLEAF=0.500;MQ=60.00;MQRankSum=0.000;QD=2.55;ReadPosRankSum=-0.384;SOR=0.148	GT:AD:DP:GQ:PL	0/1:20,3:23:66:66,0,824
1	22143	.	A	T	61.64	.	AC=1;AF=0.500;AN=2;BaseQRankSum=-1.840;DP=22;ExcessHet=0.0000;FS=0.000;MLEAC=1;MLEAF=0.500;MQ=60.00;MQRankSum=0.000;QD=2.80;ReadPosRankSum=-1.186;SOR=0.163	GT:AD:DP:GQ:PL	0/1:19,3:22:69:69,0,789
1	23784	.	A	G	495.64	.	AC=1;AF=0.500;AN=2;BaseQRankSum=-0.829;DP=26;ExcessHet=0.0000;FS=6.435;MLEAC=1;MLEAF=0.500;MQ=60.00;MQRankSum=0.000;QD=22.53;ReadPosRankSum=-0.640;SOR=3.967	GT:AD:DP:GQ:PL	0/1:5,17:22:85:503,0,85
1	27393	.	A	G	11407.06	.	AC=2;AF=1.00;AN=2;DP=366;ExcessHet=0.0000;FS=0.000;MLEAC=2;MLEAF=1.00;MQ=60.00;QD=32.78;SOR=1.280	GT:AD:DP:GQ:PL	1/1:0,348:348:99:11421,1037,0

#try to use BCF tools to append rs name to vcf?
https://samtools.github.io/bcftools/bcftools.html#annotate