Last login: Sat Apr 22 16:55:25 on ttys001
koppesea@Eriks-MacBook-Pro ~ % ssh eak37@htc.crc.pitt.edu
eak37@htc.crc.pitt.edu's password: 
Last failed login: Sat Apr 22 18:11:16 EDT 2023 from sremote-10-195-58-46.vpn.pitt.edu on ssh:notty
There were 3 failed login attempts since the last successful login.
Last login: Sat Apr 22 17:05:41 2023 from sremote-10-195-58-46.vpn.pitt.edu
###########################################################################################################

                                        Welcome to htc.crc.pitt.edu!                                       

                    Documentation can be found at crc.pitt.edu/resources/htc-user-guide                    

-----------------------------------------------------------------------------------------------------------

                                          IMPORTANT NOTIFICATIONS                                          

     All research products (publications, conference proceedings, and presentations) resulting from an     
  allocation of computing time or storage on this cluster should include an acknowledgement: This research 
 was supported in part by the University of Pittsburgh Center for Research Computing through the resources 
provided. Specifically, this work used the HTC cluster, which is supported by NIH award number S10OD028483.

-----------------------------------------------------------------------------------------------------------

                                            IMPORTANT REMINDERS                                            


              Don't run jobs on login nodes! Use interactive jobs: `crc-interactive.py --help`             

 Slurm is separated into 'clusters', e.g. if `scancel <jobnum>` doesn't work try `crc-scancel.py <jobnum>`.
                                  Try `crc-sinfo.py` to see all clusters.                                  

-----------------------------------------------------------------------------------------------------------

###########################################################################################################
[eak37@login0b ~]$ ls
courseratest         intro-python           R                 shellprogramtest  testofrsync.sh
Esearch_test_013120  my_project             R_Genomics        testingof_cp
IamKeygen            ncbi                   R_Workshop        testingof_CP
IamKeygen.pub        ncbi_error_report.xml  scRNA-seq         testingof_RSYNC
igv                  ondemand               SEDandAWKtesting  testofrsync2
[eak37@login0b ~]$ cd /bgfs/rnicholls/
[eak37@login0b rnicholls]$ ls -lthF
total 13K
drwxrws---+  3 eak37 rnicholls   1 Apr 22 17:12 HADHA_ampliconBrkpts/
-rw-rw----+  1 eak37 rnicholls 983 Mar  8 20:33 PWS_Pig_Genomic_DeepToolsBamtoWig.sh
drwxrws---+  5 root  rnicholls   5 Mar  7 14:47 hpark_share/
drwxrws---+  9 eak37 rnicholls  53 Feb  7 15:02 GH3_Leticia/
drwxrws---+ 13 eak37 rnicholls  70 Jan  4 18:03 Liebhaber_pituitary/
drwxrws---+  3 eak37 rnicholls   1 Oct 17  2022 PWS_Sus_2022/
drwxrws---+  3 eak37 rnicholls   1 Oct  8  2022 EK_Longread/
drwxrws---+  5 eak37 rnicholls  24 Apr 13  2022 INS1_3v3total_RN7/
drwxrws---+  9 eak37 rnicholls  10 Apr 12  2022 REFGenomes/
drwxrws---+  2 eak37 rnicholls   2 Mar 29  2022 scRNAseq_workshop2022/
drwxrws---+  3 eak37 rnicholls   1 Jun 25  2021 HEK293T/
drwxrws---+  3 eak37 rnicholls   1 Jun  1  2021 PKU_MSCs/
drwxrws---+ 12 eak37 rnicholls  64 Nov 14  2020 INS1_PWS_smallRNA/
drwxrws---+  5 eak37 rnicholls   3 Sep  1  2020 Cat_CRFK/
drwxr-----+  3 eak37 rnicholls   1 Aug  4  2020 HepG2_PKU/
drwxrws---+  3 eak37 rnicholls  11 Jan 23  2020 ATC1-6_Stitzel/
drwxrws---+  3 eak37 rnicholls   1 Dec  3  2019 PKU_Sus_2019_genomic/
drwxrws---+  6 eak37 rnicholls   4 Oct 31  2019 ChIP-seq/
drwxrws---+ 11 eak37 rnicholls  31 Oct 15  2019 Cherrington_GH3/
drwxrws---+  7 eak37 rnicholls  31 Oct 15  2019 PWS_Sus_2017/
drwxr-sr-x+  3 eak37 rnicholls  12 Aug 16  2019 circRNA/
drwxrws---+ 15 eak37 rnicholls  69 Jul 26  2019 Hepg2/
drwxrws---+  8 eak37 rnicholls   6 May 25  2019 catfasta/
drwxrws---+  5 root  rnicholls   3 May 10  2019 0_INBOX/
drwxrws---+  3 root  rnicholls   1 May 10  2019 shared/
[eak37@login0b rnicholls]$ cd EK_Longread/
[eak37@login0b EK_Longread]$ ls -lthF
total 512
drwxrws---+ 15 eak37 rnicholls 18 Mar 24 18:02 ACADVL_AmpliconSeq/
[eak37@login0b EK_Longread]$ cd ACADVL_AmpliconSeq/
[eak37@login0b ACADVL_AmpliconSeq]$ ls
Chr17Ref            LR_AmpliconAlign_11182022.sh           r941_prom_hac_g238
H2W_                LR_AmpliconAlign_12012022.sh           r941_prom_hac_g360+g422
hifi                minimap2Clair3-1323483_4294967294.out  r941_prom_sup_g5014
ilmn                minimap2Clair3-1323486_4294967294.out  raw_amplicon_fastq
Koppes_j9w_results  minimap2Clair3-1355630_4294967294.out  S2Z_
log                 phased_amplicons                       tmp
[eak37@login0b ACADVL_AmpliconSeq]$ less LR_AmpliconAlign_12012022.sh
[eak37@htc-n29 samples]$ squeue -u eak37
             JOBID PARTITION     NAME     USER ST       TIME  NODES NODELIST(REASON)
           1711025       htc     bash    eak37  R      19:42      1 htc-n29
[eak37@htc-n29 samples]$ sbatch VCF_bedtools_script04242023.bash 
Submitted batch job 1711030
[eak37@htc-n29 samples]$ squeue -u eak37
             JOBID PARTITION     NAME     USER ST       TIME  NODES NODELIST(REASON)
           1711030       htc Bedtoolz    eak37  R       0:02      1 htc-n31
           1711025       htc     bash    eak37  R      19:49      1 htc-n29
[eak37@htc-n29 samples]$ ls -lthF
total 83M
-rw-rw----+ 1 eak37 rnicholls 444M Apr 24 16:55 Blu.vcf
-rw-rw----+ 1 eak37 rnicholls  514 Apr 24 16:54 Bedtoolz-1711030_4294967294.out
-rw-rw----+ 1 eak37 rnicholls  51M Apr 24 16:54 Blu_sv.vcf
-rw-rw----+ 1 eak37 rnicholls  819 Apr 24 16:54 VCF_bedtools_script04242023.bash
-rw-rw----+ 1 eak37 rnicholls  488 Apr 24 16:53 Bedtoolz-1711029_4294967294.out
-rw-rw----+ 1 eak37 rnicholls    0 Apr 24 16:53 *.vcf
drwxr-S---+ 2 eak37 rnicholls   10 Mar 20 20:06 Blu/
drwxrws---+ 2 eak37 rnicholls   54 Mar 20 12:07 wiggle/
-rw-rw----+ 1 eak37 rnicholls 5.5K Mar  8 21:30 PWS_wiggleprep.txt
-rw-rw----+ 1 eak37 rnicholls  968 Mar  8 20:17 PWS_Pig_Genomic_DeepToolsBamtoWig.sh
-rw-rw----+ 1 eak37 rnicholls  243 Mar  8 16:22 PWS_SamWigPrep.txt
-rw-rw----+ 1 eak37 rnicholls 1.2K Mar  8 16:09 PWS_Pig_Genomic_Sam.sh
-rw-rw----+ 1 eak37 rnicholls 8.1M Mar  8 13:28 testbam.bam
drwxr-S---+ 2 eak37 rnicholls    9 Oct 17  2022 Templeton/
drwxr-S---+ 2 eak37 rnicholls    9 Oct 17  2022 Fredrick/
[eak37@htc-n29 samples]$ ls -lthF
total 1.2G
-rw-rw----+ 1 eak37 rnicholls 765M Apr 24 16:55 Blu_vep_anno.vcf
-rw-rw----+ 1 eak37 rnicholls  940 Apr 24 16:55 Bedtoolz-1711030_4294967294.out
-rw-rw----+ 1 eak37 rnicholls 4.2G Apr 24 16:55 Blu.vcf
-rw-rw----+ 1 eak37 rnicholls  51M Apr 24 16:54 Blu_sv.vcf
-rw-rw----+ 1 eak37 rnicholls  819 Apr 24 16:54 VCF_bedtools_script04242023.bash
-rw-rw----+ 1 eak37 rnicholls  488 Apr 24 16:53 Bedtoolz-1711029_4294967294.out
-rw-rw----+ 1 eak37 rnicholls    0 Apr 24 16:53 *.vcf
drwxr-S---+ 2 eak37 rnicholls   10 Mar 20 20:06 Blu/
drwxrws---+ 2 eak37 rnicholls   54 Mar 20 12:07 wiggle/
-rw-rw----+ 1 eak37 rnicholls 5.5K Mar  8 21:30 PWS_wiggleprep.txt
-rw-rw----+ 1 eak37 rnicholls  968 Mar  8 20:17 PWS_Pig_Genomic_DeepToolsBamtoWig.sh
-rw-rw----+ 1 eak37 rnicholls  243 Mar  8 16:22 PWS_SamWigPrep.txt
-rw-rw----+ 1 eak37 rnicholls 1.2K Mar  8 16:09 PWS_Pig_Genomic_Sam.sh
-rw-rw----+ 1 eak37 rnicholls 8.1M Mar  8 13:28 testbam.bam
drwxr-S---+ 2 eak37 rnicholls    9 Oct 17  2022 Templeton/
drwxr-S---+ 2 eak37 rnicholls    9 Oct 17  2022 Fredrick/
[eak37@htc-n29 samples]$ ls -lthF
total 2.1G
-rw-rw----+ 1 eak37 rnicholls 6.0G Apr 24 16:56 Blu_vep_anno.vcf
-rw-rw----+ 1 eak37 rnicholls  940 Apr 24 16:55 Bedtoolz-1711030_4294967294.out
-rw-rw----+ 1 eak37 rnicholls 4.2G Apr 24 16:55 Blu.vcf
-rw-rw----+ 1 eak37 rnicholls  51M Apr 24 16:54 Blu_sv.vcf
-rw-rw----+ 1 eak37 rnicholls  819 Apr 24 16:54 VCF_bedtools_script04242023.bash
-rw-rw----+ 1 eak37 rnicholls  488 Apr 24 16:53 Bedtoolz-1711029_4294967294.out
-rw-rw----+ 1 eak37 rnicholls    0 Apr 24 16:53 *.vcf
drwxr-S---+ 2 eak37 rnicholls   10 Mar 20 20:06 Blu/
drwxrws---+ 2 eak37 rnicholls   54 Mar 20 12:07 wiggle/
-rw-rw----+ 1 eak37 rnicholls 5.5K Mar  8 21:30 PWS_wiggleprep.txt
-rw-rw----+ 1 eak37 rnicholls  968 Mar  8 20:17 PWS_Pig_Genomic_DeepToolsBamtoWig.sh
-rw-rw----+ 1 eak37 rnicholls  243 Mar  8 16:22 PWS_SamWigPrep.txt
-rw-rw----+ 1 eak37 rnicholls 1.2K Mar  8 16:09 PWS_Pig_Genomic_Sam.sh
-rw-rw----+ 1 eak37 rnicholls 8.1M Mar  8 13:28 testbam.bam
drwxr-S---+ 2 eak37 rnicholls    9 Oct 17  2022 Templeton/
drwxr-S---+ 2 eak37 rnicholls    9 Oct 17  2022 Fredrick/
[eak37@htc-n29 samples]$ less Bedtoolz-1711030_4294967294.out
[eak37@htc-n29 samples]$ sbatch VCF_bedtools_script04242023.bash 
Submitted batch job 1711033
[eak37@htc-n29 samples]$ squeue -u eak37
             JOBID PARTITION     NAME     USER ST       TIME  NODES NODELIST(REASON)
           1711033       htc Bedtoolz    eak37  R       0:02      1 htc-n31
           1711025       htc     bash    eak37  R      25:12      1 htc-n29
[eak37@htc-n29 samples]$ ls -lthF
total 6.1G
-rw-rw----+ 1 eak37 rnicholls 341M Apr 24 17:00 Blu.vcf
-rw-rw----+ 1 eak37 rnicholls  517 Apr 24 17:00 Bedtoolz-1711033_4294967294.out
-rw-rw----+ 1 eak37 rnicholls  51M Apr 24 17:00 Blu_sv.vcf
drwxrws---+ 2 eak37 rnicholls    2 Apr 24 17:00 VCF_sgRNA/
-rw-rw----+ 1 eak37 rnicholls  847 Apr 24 17:00 VCF_bedtools_script04242023.bash
-rw-rw----+ 1 eak37 rnicholls 3.9K Apr 24 16:58 Bedtoolz-1711030_4294967294.out
-rw-rw----+ 1 eak37 rnicholls 8.0G Apr 24 16:58 Templeton_vep_anno.vcf
-rw-rw----+ 1 eak37 rnicholls 4.2G Apr 24 16:58 Templeton.vcf
-rw-rw----+ 1 eak37 rnicholls  50M Apr 24 16:57 Templeton_sv.vcf
-rw-rw----+ 1 eak37 rnicholls 7.8G Apr 24 16:57 Fredrick_vep_anno.vcf
-rw-rw----+ 1 eak37 rnicholls 4.1G Apr 24 16:56 Fredrick.vcf
-rw-rw----+ 1 eak37 rnicholls  50M Apr 24 16:56 Fredrick_sv.vcf
-rw-rw----+ 1 eak37 rnicholls 8.1G Apr 24 16:56 Blu_vep_anno.vcf
-rw-rw----+ 1 eak37 rnicholls  488 Apr 24 16:53 Bedtoolz-1711029_4294967294.out
-rw-rw----+ 1 eak37 rnicholls    0 Apr 24 16:53 *.vcf
drwxr-S---+ 2 eak37 rnicholls   10 Mar 20 20:06 Blu/
drwxrws---+ 2 eak37 rnicholls   54 Mar 20 12:07 wiggle/
-rw-rw----+ 1 eak37 rnicholls 5.5K Mar  8 21:30 PWS_wiggleprep.txt
-rw-rw----+ 1 eak37 rnicholls  968 Mar  8 20:17 PWS_Pig_Genomic_DeepToolsBamtoWig.sh
-rw-rw----+ 1 eak37 rnicholls  243 Mar  8 16:22 PWS_SamWigPrep.txt
-rw-rw----+ 1 eak37 rnicholls 1.2K Mar  8 16:09 PWS_Pig_Genomic_Sam.sh
-rw-rw----+ 1 eak37 rnicholls 8.1M Mar  8 13:28 testbam.bam
drwxr-S---+ 2 eak37 rnicholls    9 Oct 17  2022 Templeton/
drwxr-S---+ 2 eak37 rnicholls    9 Oct 17  2022 Fredrick/
[eak37@htc-n29 samples]$ less Bedtoolz-1711033_4294967294.out
[eak37@htc-n29 samples]$ ls -lthF
total 6.0G
-rw-rw----+ 1 eak37 rnicholls 820M Apr 24 17:02 Fredrick_vep_anno.vcf
-rw-rw----+ 1 eak37 rnicholls 1.8K Apr 24 17:02 Bedtoolz-1711033_4294967294.out
-rw-rw----+ 1 eak37 rnicholls 4.1G Apr 24 17:02 Fredrick.vcf
drwxrws---+ 2 eak37 rnicholls   10 Apr 24 17:02 VCF_sgRNA/
-rw-rw----+ 1 eak37 rnicholls  50M Apr 24 17:01 Fredrick_sv.vcf
-rw-rw----+ 1 eak37 rnicholls 8.1G Apr 24 17:01 Blu_vep_anno.vcf
-rw-rw----+ 1 eak37 rnicholls 4.2G Apr 24 17:00 Blu.vcf
-rw-rw----+ 1 eak37 rnicholls  51M Apr 24 17:00 Blu_sv.vcf
-rw-rw----+ 1 eak37 rnicholls  847 Apr 24 17:00 VCF_bedtools_script04242023.bash
-rw-rw----+ 1 eak37 rnicholls 3.9K Apr 24 16:58 Bedtoolz-1711030_4294967294.out
-rw-rw----+ 1 eak37 rnicholls 8.0G Apr 24 16:58 Templeton_vep_anno.vcf
-rw-rw----+ 1 eak37 rnicholls 4.2G Apr 24 16:58 Templeton.vcf
-rw-rw----+ 1 eak37 rnicholls  50M Apr 24 16:57 Templeton_sv.vcf
-rw-rw----+ 1 eak37 rnicholls  488 Apr 24 16:53 Bedtoolz-1711029_4294967294.out
-rw-rw----+ 1 eak37 rnicholls    0 Apr 24 16:53 *.vcf
drwxr-S---+ 2 eak37 rnicholls   10 Mar 20 20:06 Blu/
drwxrws---+ 2 eak37 rnicholls   54 Mar 20 12:07 wiggle/
-rw-rw----+ 1 eak37 rnicholls 5.5K Mar  8 21:30 PWS_wiggleprep.txt
-rw-rw----+ 1 eak37 rnicholls  968 Mar  8 20:17 PWS_Pig_Genomic_DeepToolsBamtoWig.sh
-rw-rw----+ 1 eak37 rnicholls  243 Mar  8 16:22 PWS_SamWigPrep.txt
-rw-rw----+ 1 eak37 rnicholls 1.2K Mar  8 16:09 PWS_Pig_Genomic_Sam.sh
-rw-rw----+ 1 eak37 rnicholls 8.1M Mar  8 13:28 testbam.bam
drwxr-S---+ 2 eak37 rnicholls    9 Oct 17  2022 Templeton/
drwxr-S---+ 2 eak37 rnicholls    9 Oct 17  2022 Fredrick/
[eak37@htc-n29 samples]$ less Bedtoolz-1711033_4294967294.out
[eak37@htc-n29 samples]$ ls *.bed
ls: cannot access *.bed: No such file or directory
[eak37@htc-n29 samples]$ squeue -u eak37
             JOBID PARTITION     NAME     USER ST       TIME  NODES NODELIST(REASON)
           1711033       htc Bedtoolz    eak37  R       3:15      1 htc-n31
           1711025       htc     bash    eak37  R      28:25      1 htc-n29
[eak37@htc-n29 samples]$ scancel 1711033
[eak37@htc-n29 samples]$ sbatch VCF_bedtools_script04242023.bash 
Submitted batch job 1711034
[eak37@htc-n29 samples]$ ls -lthF
total 6.3G
-rw-rw----+ 1 eak37 rnicholls  45M Apr 24 17:03 Blu_sv.vcf
-rw-rw----+ 1 eak37 rnicholls  100 Apr 24 17:03 Bedtoolz-1711034_4294967294.out
drwxrws---+ 2 eak37 rnicholls    0 Apr 24 17:03 VCF_sgRNA/
-rw-rw----+ 1 eak37 rnicholls 2.9K Apr 24 17:03 Bedtoolz-1711033_4294967294.out
-rw-rw----+ 1 eak37 rnicholls 3.1G Apr 24 17:03 Templeton_vep_anno.vcf
-rw-rw----+ 1 eak37 rnicholls 4.2G Apr 24 17:03 Templeton.vcf
-rw-rw----+ 1 eak37 rnicholls 7.8G Apr 24 17:02 Fredrick_vep_anno.vcf
-rw-rw----+ 1 eak37 rnicholls  50M Apr 24 17:02 Templeton_sv.vcf
-rw-rw----+ 1 eak37 rnicholls 4.1G Apr 24 17:02 Fredrick.vcf
-rw-rw----+ 1 eak37 rnicholls  50M Apr 24 17:01 Fredrick_sv.vcf
-rw-rw----+ 1 eak37 rnicholls 8.1G Apr 24 17:01 Blu_vep_anno.vcf
-rw-rw----+ 1 eak37 rnicholls 4.2G Apr 24 17:00 Blu.vcf
-rw-rw----+ 1 eak37 rnicholls  847 Apr 24 17:00 VCF_bedtools_script04242023.bash
-rw-rw----+ 1 eak37 rnicholls 3.9K Apr 24 16:58 Bedtoolz-1711030_4294967294.out
-rw-rw----+ 1 eak37 rnicholls  488 Apr 24 16:53 Bedtoolz-1711029_4294967294.out
-rw-rw----+ 1 eak37 rnicholls    0 Apr 24 16:53 *.vcf
-rw-rw----+ 1 eak37 rnicholls 1.4K Apr 24 16:52 SusPWS_sgRNA_1.bed
-rw-rw----+ 1 eak37 rnicholls 1.3K Apr 24 16:52 SusPWS_sgRNA_5.bed
drwxr-S---+ 2 eak37 rnicholls   10 Mar 20 20:06 Blu/
drwxrws---+ 2 eak37 rnicholls   54 Mar 20 12:07 wiggle/
-rw-rw----+ 1 eak37 rnicholls 5.5K Mar  8 21:30 PWS_wiggleprep.txt
-rw-rw----+ 1 eak37 rnicholls  968 Mar  8 20:17 PWS_Pig_Genomic_DeepToolsBamtoWig.sh
-rw-rw----+ 1 eak37 rnicholls  243 Mar  8 16:22 PWS_SamWigPrep.txt
-rw-rw----+ 1 eak37 rnicholls 1.2K Mar  8 16:09 PWS_Pig_Genomic_Sam.sh
-rw-rw----+ 1 eak37 rnicholls 8.1M Mar  8 13:28 testbam.bam
drwxr-S---+ 2 eak37 rnicholls    9 Oct 17  2022 Templeton/
drwxr-S---+ 2 eak37 rnicholls    9 Oct 17  2022 Fredrick/
[eak37@htc-n29 samples]$ rm Bedtoolz-1711033_4294967294.out
[eak37@htc-n29 samples]$ rm Bedtoolz-1711030_4294967294.out
[eak37@htc-n29 samples]$ rm Bedtoolz-1711029_4294967294.out
[eak37@htc-n29 samples]$ ls -lthF
total 6.3G
-rw-rw----+ 1 eak37 rnicholls 4.2G Apr 24 17:04 Blu.vcf
drwxrws---+ 2 eak37 rnicholls    3 Apr 24 17:04 VCF_sgRNA/
-rw-rw----+ 1 eak37 rnicholls  194 Apr 24 17:03 Bedtoolz-1711034_4294967294.out
-rw-rw----+ 1 eak37 rnicholls  51M Apr 24 17:03 Blu_sv.vcf
-rw-rw----+ 1 eak37 rnicholls 3.1G Apr 24 17:03 Templeton_vep_anno.vcf
-rw-rw----+ 1 eak37 rnicholls 4.2G Apr 24 17:03 Templeton.vcf
-rw-rw----+ 1 eak37 rnicholls 7.8G Apr 24 17:02 Fredrick_vep_anno.vcf
-rw-rw----+ 1 eak37 rnicholls  50M Apr 24 17:02 Templeton_sv.vcf
-rw-rw----+ 1 eak37 rnicholls 4.1G Apr 24 17:02 Fredrick.vcf
-rw-rw----+ 1 eak37 rnicholls  50M Apr 24 17:01 Fredrick_sv.vcf
-rw-rw----+ 1 eak37 rnicholls 8.1G Apr 24 17:01 Blu_vep_anno.vcf
-rw-rw----+ 1 eak37 rnicholls  847 Apr 24 17:00 VCF_bedtools_script04242023.bash
-rw-rw----+ 1 eak37 rnicholls    0 Apr 24 16:53 *.vcf
-rw-rw----+ 1 eak37 rnicholls 1.4K Apr 24 16:52 SusPWS_sgRNA_1.bed
-rw-rw----+ 1 eak37 rnicholls 1.3K Apr 24 16:52 SusPWS_sgRNA_5.bed
drwxr-S---+ 2 eak37 rnicholls   10 Mar 20 20:06 Blu/
drwxrws---+ 2 eak37 rnicholls   54 Mar 20 12:07 wiggle/
-rw-rw----+ 1 eak37 rnicholls 5.5K Mar  8 21:30 PWS_wiggleprep.txt
-rw-rw----+ 1 eak37 rnicholls  968 Mar  8 20:17 PWS_Pig_Genomic_DeepToolsBamtoWig.sh
-rw-rw----+ 1 eak37 rnicholls  243 Mar  8 16:22 PWS_SamWigPrep.txt
-rw-rw----+ 1 eak37 rnicholls 1.2K Mar  8 16:09 PWS_Pig_Genomic_Sam.sh
-rw-rw----+ 1 eak37 rnicholls 8.1M Mar  8 13:28 testbam.bam
drwxr-S---+ 2 eak37 rnicholls    9 Oct 17  2022 Templeton/
drwxr-S---+ 2 eak37 rnicholls    9 Oct 17  2022 Fredrick/
[eak37@htc-n29 samples]$ less Bedtoolz-1711034_4294967294.out
[eak37@htc-n29 samples]$ cd VCF_sgRNA/
[eak37@htc-n29 VCF_sgRNA]$ ls -lthF
total 0
-rw-rw----+ 1 eak37 rnicholls 0 Apr 24 17:04 Blu_sgRNA1_OT.vcf
-rw-rw----+ 1 eak37 rnicholls 0 Apr 24 17:03 Blu_sv_sgRNA5_OT.vcf
-rw-rw----+ 1 eak37 rnicholls 0 Apr 24 17:03 Blu_sv_sgRNA1_OT.vcf
[eak37@htc-n29 VCF_sgRNA]$ ls -lthF
total 0
-rw-rw----+ 1 eak37 rnicholls 0 Apr 24 17:04 Blu_sgRNA1_OT.vcf
-rw-rw----+ 1 eak37 rnicholls 0 Apr 24 17:03 Blu_sv_sgRNA5_OT.vcf
-rw-rw----+ 1 eak37 rnicholls 0 Apr 24 17:03 Blu_sv_sgRNA1_OT.vcf
[eak37@htc-n29 VCF_sgRNA]$ head Blu_sv.vcf
head: cannot open ‘Blu_sv.vcf’ for reading: No such file or directory
[eak37@htc-n29 VCF_sgRNA]$ cat Blu_sv.vcf | head
cat: Blu_sv.vcf: No such file or directory
[eak37@htc-n29 VCF_sgRNA]$ less Blu_sv.vcf
Blu_sv.vcf: No such file or directory
[eak37@htc-n29 VCF_sgRNA]$ ls
Blu_sgRNA1_OT.vcf  Blu_sgRNA5_OT.vcf  Blu_sv_sgRNA1_OT.vcf  Blu_sv_sgRNA5_OT.vcf
[eak37@htc-n29 VCF_sgRNA]$ cd ..
[eak37@htc-n29 samples]$ cat Blu_sv.vcf | head
##fileformat=VCFv4.2
##FORMAT=<ID=AD,Number=R,Type=Integer,Description="Allelic depths for the ref and alt alleles in the order listed">
##FORMAT=<ID=DP,Number=1,Type=Integer,Description="Read depth">
##FORMAT=<ID=GQ,Number=1,Type=Integer,Description="Genotype quality">
##FORMAT=<ID=GT,Number=1,Type=String,Description="Genotype">
##FORMAT=<ID=PGT,Number=1,Type=String,Description="Physical phasing haplotype information, describing how the alternate alleles are phased in relation to one another">
##FORMAT=<ID=PID,Number=1,Type=String,Description="Physical phasing ID information, where each unique ID within a given sample (but not across samples) connects records within a phasing group">
##FORMAT=<ID=PL,Number=G,Type=Integer,Description="The phred-scaled genotype likelihoods rounded to the closest integer">
##INFO=<ID=AC,Number=A,Type=Integer,Description="Allele count in genotypes, for each ALT allele, in the same order as listed">
##INFO=<ID=AF,Number=A,Type=Float,Description="Allele frequency, for each ALT allele, in the same order as listed">
[eak37@htc-n29 samples]$ cat Blu_sv.vcf | head 50
head: cannot open ‘50’ for reading: No such file or directory
[eak37@htc-n29 samples]$ cat Blu_sv.vcf | head -n 50
##fileformat=VCFv4.2
##FORMAT=<ID=AD,Number=R,Type=Integer,Description="Allelic depths for the ref and alt alleles in the order listed">
##FORMAT=<ID=DP,Number=1,Type=Integer,Description="Read depth">
##FORMAT=<ID=GQ,Number=1,Type=Integer,Description="Genotype quality">
##FORMAT=<ID=GT,Number=1,Type=String,Description="Genotype">
##FORMAT=<ID=PGT,Number=1,Type=String,Description="Physical phasing haplotype information, describing how the alternate alleles are phased in relation to one another">
##FORMAT=<ID=PID,Number=1,Type=String,Description="Physical phasing ID information, where each unique ID within a given sample (but not across samples) connects records within a phasing group">
##FORMAT=<ID=PL,Number=G,Type=Integer,Description="The phred-scaled genotype likelihoods rounded to the closest integer">
##INFO=<ID=AC,Number=A,Type=Integer,Description="Allele count in genotypes, for each ALT allele, in the same order as listed">
##INFO=<ID=AF,Number=A,Type=Float,Description="Allele frequency, for each ALT allele, in the same order as listed">
##INFO=<ID=AN,Number=1,Type=Integer,Description="Total number of alleles in called genotypes">
##INFO=<ID=BNDHAP,Number=A,Type=String,Description="Aligned part of the breakend haplotype">
##INFO=<ID=BNDOVL,Number=A,Type=Integer,Description="Overlapped bases between breakend mates">
##INFO=<ID=BaseQRankSum,Number=1,Type=Float,Description="Z-score from Wilcoxon rank sum test of Alt Vs. Ref base qualities">
##INFO=<ID=CIPOS,Number=2,Type=Integer,Description="Confidence interval around POS for imprecise variants">
##INFO=<ID=ClippingRankSum,Number=1,Type=Float,Description="Z-score From Wilcoxon rank sum test of Alt vs. Ref number of hard clipped bases">
##INFO=<ID=DP,Number=1,Type=Integer,Description="Combined depth across samples">
##INFO=<ID=ExcessHet,Number=1,Type=Float,Description="Phred-scaled p-value for exact test of excess heterozygosity">
##INFO=<ID=FS,Number=1,Type=Float,Description="Phred-scaled p-value using Fisher's exact test to detect strand bias">
##INFO=<ID=InbreedingCoeff,Number=1,Type=Float,Description="Inbreeding coefficient as estimated from the genotype likelihoods per-sample when compared against the Hardy-Weinberg expectation">
##INFO=<ID=MLEAC,Number=A,Type=Integer,Description="Maximum likelihood expectation (MLE) for the allele counts, for each ALT allele, in the same order as listed">
##INFO=<ID=MLEAF,Number=A,Type=Float,Description="Maximum likelihood expectation (MLE) for the allele frequency, for each ALT allele, in the same order as listed">
##INFO=<ID=MQ,Number=1,Type=Float,Description="RMS mapping quality">
##INFO=<ID=MQRankSum,Number=1,Type=Float,Description="Z-score From Wilcoxon rank sum test of Alt vs. Ref read mapping qualities">
##INFO=<ID=QD,Number=1,Type=Float,Description="Variant Confidence/Quality by Depth">
##INFO=<ID=ReadPosRankSum,Number=1,Type=Float,Description="Z-score from Wilcoxon rank sum test of Alt vs. Ref read position bias">
##INFO=<ID=SOR,Number=1,Type=Float,Description="Symmetric Odds Ratio of 2x2 contingency table to detect strand bias">
##INFO=<ID=SVTYPE,Number=1,Type=String,Description="Type of structural variant">
##SentieonCommandLine.DNAscope=<ID=DNAscope,Version="sentieon-genomics-202112.01",Date="2022-10-11T00:17:39Z",CommandLine="/gwngsfs/gwngs/tools/conda/envs/sentieon/share/sentieon-genomics-202112.01/libexec/driver -t 8 -r /gwngsfs/gwngs/data/ref/Sus_scrofa/Sus_scrofa_11.1_ENSEMBL/Sus_scrofa.Sscrofa11.1.dna.toplevel.fa -i /gwngsfs/gwngs/data/projects/30-764669944/analysis/samples/Blu/aligned/Blu.aln.bam --algo DNAscope --var_type bnd tmp_sentieon_sv.vcf">
##contig=<ID=1,length=274330532,assembly=unknown>
##contig=<ID=2,length=151935994,assembly=unknown>
##contig=<ID=3,length=132848913,assembly=unknown>
##contig=<ID=4,length=130910915,assembly=unknown>
##contig=<ID=5,length=104526007,assembly=unknown>
##contig=<ID=6,length=170843587,assembly=unknown>
##contig=<ID=7,length=121844099,assembly=unknown>
##contig=<ID=8,length=138966237,assembly=unknown>
##contig=<ID=9,length=139512083,assembly=unknown>
##contig=<ID=10,length=69359453,assembly=unknown>
##contig=<ID=11,length=79169978,assembly=unknown>
##contig=<ID=12,length=61602749,assembly=unknown>
##contig=<ID=13,length=208334590,assembly=unknown>
##contig=<ID=14,length=141755446,assembly=unknown>
##contig=<ID=15,length=140412725,assembly=unknown>
##contig=<ID=16,length=79944280,assembly=unknown>
##contig=<ID=17,length=63494081,assembly=unknown>
##contig=<ID=18,length=55982971,assembly=unknown>
##contig=<ID=X,length=125939595,assembly=unknown>
##contig=<ID=Y,length=43547828,assembly=unknown>
##contig=<ID=MT,length=16613,assembly=unknown>
[eak37@htc-n29 samples]$ less Blu_sv.vcf
[eak37@htc-n29 samples]$ ls   
Bedtoolz-1711034_4294967294.out  Blu_vep_anno.vcf  Fredrick_vep_anno.vcf                 PWS_wiggleprep.txt  Templeton_sv.vcf        *.vcf
Blu                              Fredrick          PWS_Pig_Genomic_DeepToolsBamtoWig.sh  SusPWS_sgRNA_1.bed  Templeton.vcf           VCF_bedtools_script04242023.bash
Blu_sv.vcf                       Fredrick_sv.vcf   PWS_Pig_Genomic_Sam.sh                SusPWS_sgRNA_5.bed  Templeton_vep_anno.vcf  VCF_sgRNA
Blu.vcf                          Fredrick.vcf      PWS_SamWigPrep.txt                    Templeton           testbam.bam             wiggle
[eak37@htc-n29 samples]$ less Bedtoolz-1711034_4294967294.out 
[eak37@htc-n29 samples]$ squeue -u eak37
             JOBID PARTITION     NAME     USER ST       TIME  NODES NODELIST(REASON)
           1711034       htc Bedtoolz    eak37  R       6:15      1 htc-n31
           1711025       htc     bash    eak37  R      34:55      1 htc-n29
[eak37@htc-n29 samples]$ cd VCF_sgRNA/
[eak37@htc-n29 VCF_sgRNA]$ ls -lthF
total 8.5K
-rw-rw----+ 1 eak37 rnicholls  10K Apr 24 17:09 Blu_vep_anno_sgRNA1_OT.vcf
-rw-rw----+ 1 eak37 rnicholls    0 Apr 24 17:09 Blu_vep_anno_sgRNA5_OT.vcf
-rw-rw----+ 1 eak37 rnicholls 3.3K Apr 24 17:06 Blu_sgRNA5_OT.vcf
-rw-rw----+ 1 eak37 rnicholls 4.3K Apr 24 17:05 Blu_sgRNA1_OT.vcf
-rw-rw----+ 1 eak37 rnicholls    0 Apr 24 17:03 Blu_sv_sgRNA5_OT.vcf
-rw-rw----+ 1 eak37 rnicholls    0 Apr 24 17:03 Blu_sv_sgRNA1_OT.vcf
[eak37@htc-n29 VCF_sgRNA]$ ls -lthF
total 9.0K
-rw-rw----+ 1 eak37 rnicholls    0 Apr 24 17:11 Fredrick_sv_sgRNA5_OT.vcf
-rw-rw----+ 1 eak37 rnicholls    0 Apr 24 17:11 Fredrick_sv_sgRNA1_OT.vcf
-rw-rw----+ 1 eak37 rnicholls 8.4K Apr 24 17:11 Blu_vep_anno_sgRNA5_OT.vcf
-rw-rw----+ 1 eak37 rnicholls  10K Apr 24 17:09 Blu_vep_anno_sgRNA1_OT.vcf
-rw-rw----+ 1 eak37 rnicholls 3.3K Apr 24 17:06 Blu_sgRNA5_OT.vcf
-rw-rw----+ 1 eak37 rnicholls 4.3K Apr 24 17:05 Blu_sgRNA1_OT.vcf
-rw-rw----+ 1 eak37 rnicholls    0 Apr 24 17:03 Blu_sv_sgRNA5_OT.vcf
-rw-rw----+ 1 eak37 rnicholls    0 Apr 24 17:03 Blu_sv_sgRNA1_OT.vcf
[eak37@htc-n29 VCF_sgRNA]$ ls -lthF
total 15K
-rw-rw----+ 1 eak37 rnicholls    0 Apr 24 17:15 Fredrick_vep_anno_sgRNA1_OT.vcf
-rw-rw----+ 1 eak37 rnicholls 1.7K Apr 24 17:14 Fredrick_sgRNA5_OT.vcf
-rw-rw----+ 1 eak37 rnicholls 3.9K Apr 24 17:13 Fredrick_sgRNA1_OT.vcf
-rw-rw----+ 1 eak37 rnicholls    0 Apr 24 17:11 Fredrick_sv_sgRNA5_OT.vcf
-rw-rw----+ 1 eak37 rnicholls    0 Apr 24 17:11 Fredrick_sv_sgRNA1_OT.vcf
-rw-rw----+ 1 eak37 rnicholls 8.4K Apr 24 17:11 Blu_vep_anno_sgRNA5_OT.vcf
-rw-rw----+ 1 eak37 rnicholls  10K Apr 24 17:09 Blu_vep_anno_sgRNA1_OT.vcf
-rw-rw----+ 1 eak37 rnicholls 3.3K Apr 24 17:06 Blu_sgRNA5_OT.vcf
-rw-rw----+ 1 eak37 rnicholls 4.3K Apr 24 17:05 Blu_sgRNA1_OT.vcf
-rw-rw----+ 1 eak37 rnicholls    0 Apr 24 17:03 Blu_sv_sgRNA5_OT.vcf
-rw-rw----+ 1 eak37 rnicholls    0 Apr 24 17:03 Blu_sv_sgRNA1_OT.vcf
[eak37@htc-n29 VCF_sgRNA]$ module spider vcftools/

-------------------------------------------------------------------------------------------------------------------------------------------------------------------------------------------------------
  vcftools:
-------------------------------------------------------------------------------------------------------------------------------------------------------------------------------------------------------
    Description:
      VCFtools is a program package designed for working with VCF files. VCFtools is compatible with VCF versions 4.0, 4.1 and 4.2.

     Versions:
        vcftools/0.1.15
        vcftools/0.1.16

-------------------------------------------------------------------------------------------------------------------------------------------------------------------------------------------------------
  For detailed information about a specific "vcftools" module (including how to load the modules) use the module's full name.
  For example:

     $ module spider vcftools/0.1.16
-------------------------------------------------------------------------------------------------------------------------------------------------------------------------------------------------------

[eak37@htc-n29 VCF_sgRNA]$ module spider vcftools/0.1.16

-------------------------------------------------------------------------------------------------------------------------------------------------------------------------------------------------------
  vcftools: vcftools/0.1.16
-------------------------------------------------------------------------------------------------------------------------------------------------------------------------------------------------------
    Description:
      The vcftools package

    This module can be loaded directly: module load vcftools/0.1.16

    Additional variants of this module can also be loaded after loading the following modules:

      gcc/8.2.0
 
    Help:
      This is a module file for the container quay.io/biocontainers/vcftools:0.1.16--he513fc3_4, which exposes the
      following programs:
      
       - ash
       - catv
       - dnsd
       - hdparm
       - vcftools
      
      This container was pulled from:
      
      https://quay.io/repository/biocontainers/vcftools
      
      If you encounter errors in vcftools or need help running the
      tools it contains, please contact the developer at
      
      https://quay.io/repository/biocontainers/vcftools
      
      For errors in the container or module file, please
      submit a ticket at
      
        https://github.com/TACC/rgc/issues
      \\n
      


[eak37@htc-n29 VCF_sgRNA]$ module load gcc/8.2.0
[eak37@htc-n29 VCF_sgRNA]$ module load vcftools/0.1.16 


[eak37@htc-n29 VCF_sgRNA]$ vcftools 

VCFtools (0.1.16)
© Adam Auton and Anthony Marcketta 2009

Process Variant Call Format files

For a list of options, please go to:
	https://vcftools.github.io/man_latest.html

Alternatively, a man page is available, type:
	man vcftools

Questions, comments, and suggestions should be emailed to:
	vcftools-help@lists.sourceforge.net

[eak37@htc-n29 VCF_sgRNA]$ man vcftools

vcftools(man)                                                                               2 August 2018                                                                               vcftools(man)

NAME
       vcftools v0.1.16 - Utilities for the variant call format (VCF) and binary variant call format (BCF)

SYNOPSIS
       vcftools [ --vcf FILE | --gzvcf FILE | --bcf FILE] [ --out OUTPUT PREFIX ] [ FILTERING OPTIONS ]  [ OUTPUT OPTIONS ]

DESCRIPTION
       vcftools  is a suite of functions for use on genetic variation data in the form of VCF and BCF files. The tools provided will be used mainly to summarize data, run calculations on data, fil‐
       ter out data, and convert data into other useful file formats.

EXAMPLES
       Output allele frequency for all sites in the input vcf file from chromosome 1
         vcftools --gzvcf input_file.vcf.gz --freq --chr 1 --out chr1_analysis

       Output a new vcf file from the input vcf file that removes any indel sites
         vcftools --vcf input_file.vcf --remove-indels --recode --recode-INFO-all --out SNPs_only

       Output file comparing the sites in two vcf files
         vcftools --gzvcf input_file1.vcf.gz --gzdiff input_file2.vcf.gz --diff-site --out in1_v_in2

       Output a new vcf file to standard out without any sites that have a filter tag, then compress it with gzip
         vcftools --gzvcf input_file.vcf.gz --remove-filtered-all --recode --stdout | gzip -c > output_PASS_only.vcf.gz

       Output a Hardy-Weinberg p-value for every site in the bcf file that does not have any missing genotypes
         vcftools --bcf input_file.bcf --hardy --max-missing 1.0 --out output_noMissing

       Output nucleotide diversity at a list of positions
         zcat input_file.vcf.gz | vcftools --vcf - --site-pi --positions SNP_list.txt --out nucleotide_diversity

BASIC OPTIONS
       These options are used to specify the input and output files.

   INPUT FILE OPTIONS
         --vcf <input_filename>
           This option defines the VCF file to be processed. VCFtools expects files in VCF format v4.0, v4.1 or v4.2. The latter two are supported with some small limitations. If the user  provides
           a dash character '-' as a file name, the program expects a VCF file to be piped in through standard in.

         --gzvcf <input_filename>
           This option can be used in place of the --vcf option to read compressed (gzipped) VCF files directly.

         --bcf <input_filename>
           This  option  can  be used in place of the --vcf option to read BCF2 files directly. You do not need to specify if this file is compressed with BGZF encoding. If the user provides a dash
           character '-' as a file name, the program expects a BCF2 file to be piped in through standard in.

   OUTPUT FILE OPTIONS
         --out <output_prefix>
           This option defines the output filename prefix for all files generated by vcftools. For example, if <prefix> is set to output_filename, then all output files will be  of  the  form  out‐
           put_filename.*** . If this option is omitted, all output files will have the prefix "out." in the current working directory.

         --stdout
         -c
           These  options direct the vcftools output to standard out so it can be piped into another program or written directly to a filename of choice. However, a select few output functions can‐
           not be written to standard out.

         --temp <temporary_directory>
           This option can be used to redirect any temporary files that vcftools creates into a specified directory.

SITE FILTERING OPTIONS
       These options are used to include or exclude certain sites from any analysis being performed by the program.
 Manual page vcftools(1) line 1 (press h for help or q to quit)
